
Discarded input sections

 .group         0x00000000        0xc ./BSW/MCAL/Config/Port/Port_Cfg.o
 .group         0x00000000        0xc ./BSW/MCAL/Config/Port/Port_Cfg.o
 .group         0x00000000        0xc ./BSW/MCAL/Config/Port/Port_Cfg.o
 .group         0x00000000        0xc ./BSW/MCAL/Config/Port/Port_Cfg.o
 .group         0x00000000        0xc ./BSW/MCAL/Config/Port/Port_Cfg.o
 .group         0x00000000        0xc ./BSW/MCAL/Config/Port/Port_Cfg.o
 .group         0x00000000        0xc ./BSW/MCAL/Config/Port/Port_Cfg.o
 .group         0x00000000        0xc ./BSW/MCAL/Config/Port/Port_Cfg.o
 .group         0x00000000        0xc ./BSW/MCAL/Config/Port/Port_Cfg.o
 .group         0x00000000        0xc ./BSW/MCAL/Config/Port/Port_Cfg.o
 .group         0x00000000        0xc ./BSW/MCAL/Config/Port/Port_Cfg.o
 .group         0x00000000        0xc ./BSW/MCAL/Config/Port/Port_Cfg.o
 .group         0x00000000        0xc ./BSW/MCAL/Config/Port/Port_Cfg.o
 .group         0x00000000        0xc ./BSW/MCAL/Config/Port/Port_Cfg.o
 .group         0x00000000        0xc ./BSW/MCAL/Config/Port/Port_Cfg.o
 .group         0x00000000        0xc ./BSW/MCAL/Config/Port/Port_Cfg.o
 .group         0x00000000        0xc ./BSW/MCAL/Config/Port/Port_Cfg.o
 .group         0x00000000        0xc ./BSW/MCAL/Config/Port/Port_Cfg.o
 .group         0x00000000        0xc ./BSW/MCAL/Config/Port/Port_Cfg.o
 .group         0x00000000        0xc ./BSW/MCAL/Config/Port/Port_Cfg.o
 .group         0x00000000        0xc ./BSW/MCAL/Config/Port/Port_Cfg.o
 .group         0x00000000        0xc ./BSW/MCAL/Config/Port/Port_Cfg.o
 .group         0x00000000        0xc ./BSW/MCAL/Config/Port/Port_Cfg.o
 .group         0x00000000        0xc ./BSW/MCAL/Config/Port/Port_Cfg.o
 .group         0x00000000        0xc ./BSW/MCAL/Config/Port/Port_Cfg.o
 .group         0x00000000        0xc ./BSW/MCAL/Config/Port/Port_Cfg.o
 .group         0x00000000        0xc ./BSW/MCAL/Config/Port/Port_Cfg.o
 .group         0x00000000        0xc ./BSW/MCAL/Config/Port/Port_Cfg.o
 .group         0x00000000        0xc ./BSW/MCAL/Config/Port/Port_Cfg.o
 .group         0x00000000        0xc ./BSW/MCAL/Config/Port/Port_Cfg.o
 .group         0x00000000        0xc ./BSW/MCAL/Config/Port/Port_Cfg.o
 .group         0x00000000        0xc ./BSW/MCAL/Config/Port/Port_Cfg.o
 .group         0x00000000        0xc ./BSW/MCAL/Config/Port/Port_Cfg.o
 .group         0x00000000        0xc ./BSW/MCAL/Config/Port/Port_Cfg.o
 .group         0x00000000        0xc ./BSW/MCAL/Config/Port/Port_Cfg.o
 .group         0x00000000        0xc ./BSW/MCAL/Config/Port/Port_Cfg.o
 .group         0x00000000        0xc ./BSW/MCAL/Config/Port/Port_Cfg.o
 .group         0x00000000        0xc ./BSW/MCAL/Config/Port/Port_Cfg.o
 .group         0x00000000        0xc ./BSW/MCAL/Config/Port/Port_Cfg.o
 .group         0x00000000        0xc ./BSW/MCAL/Config/Port/Port_Cfg.o
 .group         0x00000000        0xc ./BSW/MCAL/Config/Port/Port_Cfg.o
 .group         0x00000000        0xc ./BSW/MCAL/Config/Port/Port_Cfg.o
 .group         0x00000000        0xc ./BSW/MCAL/Config/Port/Port_Cfg.o
 .group         0x00000000        0xc ./BSW/MCAL/Config/Port/Port_Cfg.o
 .group         0x00000000        0xc ./BSW/MCAL/Config/Port/Port_Cfg.o
 .group         0x00000000        0xc ./BSW/MCAL/Config/Port/Port_Cfg.o
 .group         0x00000000        0xc ./BSW/MCAL/Config/Port/Port_Cfg.o
 .group         0x00000000        0xc ./BSW/MCAL/Config/Port/Port_Cfg.o
 .group         0x00000000        0xc ./BSW/MCAL/Config/Port/Port_Cfg.o
 .group         0x00000000        0xc ./BSW/MCAL/Config/Port/Port_Cfg.o
 .group         0x00000000        0xc ./BSW/MCAL/Config/Port/Port_Cfg.o
 .group         0x00000000        0xc ./BSW/MCAL/Config/Port/Port_Cfg.o
 .group         0x00000000        0xc ./BSW/MCAL/Config/Port/Port_Cfg.o
 .group         0x00000000        0xc ./BSW/MCAL/Config/Port/Port_Cfg.o
 .group         0x00000000        0xc ./BSW/MCAL/Config/Port/Port_Cfg.o
 .group         0x00000000        0xc ./BSW/MCAL/Config/Port/Port_Cfg.o
 .group         0x00000000        0xc ./BSW/MCAL/Config/Port/Port_Cfg.o
 .group         0x00000000        0xc ./BSW/MCAL/Config/Port/Port_Cfg.o
 .group         0x00000000        0xc ./BSW/MCAL/Config/Port/Port_Cfg.o
 .group         0x00000000        0xc ./BSW/MCAL/Config/Port/Port_Cfg.o
 .group         0x00000000        0xc ./BSW/MCAL/Config/Port/Port_Cfg.o
 .group         0x00000000        0xc ./BSW/MCAL/Config/Port/Port_Cfg.o
 .group         0x00000000        0xc ./BSW/MCAL/Config/Port/Port_Cfg.o
 .group         0x00000000        0xc ./BSW/MCAL/Config/Port/Port_Cfg.o
 .group         0x00000000        0xc ./BSW/MCAL/Config/Port/Port_Cfg.o
 .group         0x00000000        0xc ./BSW/MCAL/Config/Port/Port_Cfg.o
 .group         0x00000000        0xc ./BSW/MCAL/Config/Port/Port_Cfg.o
 .group         0x00000000        0xc ./BSW/MCAL/Config/Port/Port_Cfg.o
 .group         0x00000000        0xc ./BSW/MCAL/Config/Port/Port_Cfg.o
[...]
Memory Configuration

Name             Origin             Length             Attributes
int_flash_interrupts 0x00000000         0x00000400
int_flash_config 0x00000400         0x00000010
int_flash        0x00000410         0x0007fbf0
int_sram_results 0x1fff8000         0x00000100
int_sram         0x1fff8100         0x0000df00
int_sram_stack_c0 0x20006000         0x00001000
ram_rsvd2        0x20007000         0x00000000
*default*        0x00000000         0xffffffff

Linker script and memory map

LOAD ./BSW/MCAL/Config/Port/Port_Cfg.o
LOAD ./BSW/MCAL/Config/Port/Port_Hw_VS_0_PBcfg.o
LOAD ./BSW/MCAL/Config/Port/Port_VS_0_PBcfg.o
LOAD ./BSW/MCAL/Driver/Port/Port.o
LOAD ./BSW/MCAL/Driver/SchM/SchM_Port.o
LOAD ./BSW/MCAL/Stub/Det/Det.o
LOAD ./BSW/MCAL/Stub/Det/Det_stub.o
LOAD ./BSW/MCAL/Stub/Mcu/Mcu.o
LOAD ./Board/Driver/HW_Port/Port_Hw.o
LOAD ./Project_Settings/Startup_Code/Vector_Table.o
LOAD ./Project_Settings/Startup_Code/exceptions.o
LOAD ./Project_Settings/Startup_Code/startup.o
LOAD ./Project_Settings/Startup_Code/startup_cm4.o
LOAD ./Project_Settings/Startup_Code/system.o
LOAD ./src/main.o
START GROUP
LOAD c:/users/phucph32/fresher/app/s32ds_3_5/s32ds/build_tools/gcc_v9.2/gcc-9.2-arm32-eabi/bin/../lib/gcc/arm-none-eabi/9.2.0/thumb/v7e-m/nofp\libgcc.a
LOAD C:/Users/PhucPh32/Fresher/App/S32DS_3_5/S32DS/build_tools/gcc_v9.2/gcc-9.2-arm32-eabi/arm-none-eabi/newlib/lib/thumb/v7e-m/nofp\libc.a
END GROUP
START GROUP
LOAD c:/users/phucph32/fresher/app/s32ds_3_5/s32ds/build_tools/gcc_v9.2/gcc-9.2-arm32-eabi/bin/../lib/gcc/arm-none-eabi/9.2.0/thumb/v7e-m/nofp\libgcc.a
LOAD C:/Users/PhucPh32/Fresher/App/S32DS_3_5/S32DS/build_tools/gcc_v9.2/gcc-9.2-arm32-eabi/arm-none-eabi/newlib/lib/thumb/v7e-m/nofp\libc.a
LOAD C:/Users/PhucPh32/Fresher/App/S32DS_3_5/S32DS/build_tools/gcc_v9.2/gcc-9.2-arm32-eabi/arm-none-eabi/newlib/lib/thumb/v7e-m/nofp\libnosys.a
END GROUP
                0x00000200                HEAP_SIZE = DEFINED (__heap_size__)?__heap_size__:0x200

.flash_interrupts
                0x00000000      0x310
                0x00000000                . = ALIGN (0x1000)
                0x00000000                __interrupts_rom_start = .
 *(.intc_vector)
 .intc_vector   0x00000000      0x310 ./Project_Settings/Startup_Code/Vector_Table.o
                0x00000000                VTABLE
                0x00000310                . = ALIGN (0x4)
                0x00000310                __interrupts_rom_end = .

.flash_config   0x00000400       0x10
 *(.flash_config)
 .flash_config  0x00000400       0x10 ./Project_Settings/Startup_Code/startup_cm4.o

.flash          0x00000410      0xf0c
                0x00000410                . = ALIGN (0x4)
 *(.startup)
 .startup       0x00000410       0xb8 ./Project_Settings/Startup_Code/startup_cm4.o
                0x00000410                Reset_Handler
                0x00000410                _start
                0x00000494                MCAL_LTB_TRACE_OFF
                0x00000496                _end_of_eunit_test
                0x000004c8                . = ALIGN (0x4)
 *(.systeminit)
 .systeminit    0x000004c8        0x6 ./Project_Settings/Startup_Code/exceptions.o
                0x000004c8                NMI_Handler
 .systeminit    0x000004ce       0xbe ./Project_Settings/Startup_Code/system.o
                0x000004ce                SystemInit
                0x0000058c                . = ALIGN (0x4)
 *(.text.startup)
                0x0000058c                . = ALIGN (0x4)
 *(.text)
 *(.text*)
 .text.SchM_Enter_Port_PORT_EXCLUSIVE_AREA_01
                0x0000058c        0xc ./BSW/MCAL/Driver/SchM/SchM_Port.o
                0x0000058c                SchM_Enter_Port_PORT_EXCLUSIVE_AREA_01
 .text.SchM_Exit_Port_PORT_EXCLUSIVE_AREA_01
                0x00000598        0xc ./BSW/MCAL/Driver/SchM/SchM_Port.o
                0x00000598                SchM_Exit_Port_PORT_EXCLUSIVE_AREA_01
 .text.SchM_Enter_Port_PORT_EXCLUSIVE_AREA_02
                0x000005a4        0xc ./BSW/MCAL/Driver/SchM/SchM_Port.o
                0x000005a4                SchM_Enter_Port_PORT_EXCLUSIVE_AREA_02
 .text.SchM_Exit_Port_PORT_EXCLUSIVE_AREA_02
                0x000005b0        0xc ./BSW/MCAL/Driver/SchM/SchM_Port.o
                0x000005b0                SchM_Exit_Port_PORT_EXCLUSIVE_AREA_02
 .text.SchM_Enter_Port_PORT_EXCLUSIVE_AREA_03
                0x000005bc        0xc ./BSW/MCAL/Driver/SchM/SchM_Port.o
                0x000005bc                SchM_Enter_Port_PORT_EXCLUSIVE_AREA_03
 .text.SchM_Exit_Port_PORT_EXCLUSIVE_AREA_03
                0x000005c8        0xc ./BSW/MCAL/Driver/SchM/SchM_Port.o
                0x000005c8                SchM_Exit_Port_PORT_EXCLUSIVE_AREA_03
 .text.SchM_Enter_Port_PORT_EXCLUSIVE_AREA_04
                0x000005d4        0xc ./BSW/MCAL/Driver/SchM/SchM_Port.o
                0x000005d4                SchM_Enter_Port_PORT_EXCLUSIVE_AREA_04
 .text.SchM_Exit_Port_PORT_EXCLUSIVE_AREA_04
                0x000005e0        0xc ./BSW/MCAL/Driver/SchM/SchM_Port.o
                0x000005e0                SchM_Exit_Port_PORT_EXCLUSIVE_AREA_04
 .text.SchM_Enter_Port_PORT_EXCLUSIVE_AREA_05
                0x000005ec        0xc ./BSW/MCAL/Driver/SchM/SchM_Port.o
                0x000005ec                SchM_Enter_Port_PORT_EXCLUSIVE_AREA_05
 .text.SchM_Exit_Port_PORT_EXCLUSIVE_AREA_05
                0x000005f8        0xc ./BSW/MCAL/Driver/SchM/SchM_Port.o
                0x000005f8                SchM_Exit_Port_PORT_EXCLUSIVE_AREA_05
 .text.SchM_Enter_Port_PORT_EXCLUSIVE_AREA_06
                0x00000604        0xc ./BSW/MCAL/Driver/SchM/SchM_Port.o
                0x00000604                SchM_Enter_Port_PORT_EXCLUSIVE_AREA_06
 .text.SchM_Exit_Port_PORT_EXCLUSIVE_AREA_06
                0x00000610        0xc ./BSW/MCAL/Driver/SchM/SchM_Port.o
                0x00000610                SchM_Exit_Port_PORT_EXCLUSIVE_AREA_06
 .text.SchM_Enter_Port_PORT_EXCLUSIVE_AREA_07
                0x0000061c        0xc ./BSW/MCAL/Driver/SchM/SchM_Port.o
                0x0000061c                SchM_Enter_Port_PORT_EXCLUSIVE_AREA_07
 .text.SchM_Exit_Port_PORT_EXCLUSIVE_AREA_07
                0x00000628        0xc ./BSW/MCAL/Driver/SchM/SchM_Port.o
                0x00000628                SchM_Exit_Port_PORT_EXCLUSIVE_AREA_07
 .text.SchM_Enter_Port_PORT_EXCLUSIVE_AREA_08
                0x00000634        0xc ./BSW/MCAL/Driver/SchM/SchM_Port.o
                0x00000634                SchM_Enter_Port_PORT_EXCLUSIVE_AREA_08
 .text.SchM_Exit_Port_PORT_EXCLUSIVE_AREA_08
                0x00000640        0xc ./BSW/MCAL/Driver/SchM/SchM_Port.o
                0x00000640                SchM_Exit_Port_PORT_EXCLUSIVE_AREA_08
 .text.SchM_Enter_Port_PORT_EXCLUSIVE_AREA_09
                0x0000064c        0xc ./BSW/MCAL/Driver/SchM/SchM_Port.o
                0x0000064c                SchM_Enter_Port_PORT_EXCLUSIVE_AREA_09
 .text.SchM_Exit_Port_PORT_EXCLUSIVE_AREA_09
                0x00000658        0xc ./BSW/MCAL/Driver/SchM/SchM_Port.o
                0x00000658                SchM_Exit_Port_PORT_EXCLUSIVE_AREA_09
 .text.SchM_Enter_Port_PORT_EXCLUSIVE_AREA_10
                0x00000664        0xc ./BSW/MCAL/Driver/SchM/SchM_Port.o
                0x00000664                SchM_Enter_Port_PORT_EXCLUSIVE_AREA_10
 .text.SchM_Exit_Port_PORT_EXCLUSIVE_AREA_10
                0x00000670        0xc ./BSW/MCAL/Driver/SchM/SchM_Port.o
                0x00000670                SchM_Exit_Port_PORT_EXCLUSIVE_AREA_10
 .text.Det_ReportError
                0x0000067c       0x68 ./BSW/MCAL/Stub/Det/Det.o
                0x0000067c                Det_ReportError
 .text.SOSC_init_8MHz
                0x000006e4       0x4c ./BSW/MCAL/Stub/Mcu/Mcu.o
                0x000006e4                SOSC_init_8MHz
 .text.SPLL_init_160MHz
                0x00000730       0x80 ./BSW/MCAL/Stub/Mcu/Mcu.o
                0x00000730                SPLL_init_160MHz
 .text.NormalRUNmode_80MHz
                0x000007b0       0x38 ./BSW/MCAL/Stub/Mcu/Mcu.o
                0x000007b0                NormalRUNmode_80MHz
 .text.Mcu_SetClock
                0x000007e8       0x14 ./BSW/MCAL/Stub/Mcu/Mcu.o
                0x000007e8                Mcu_SetClock
 .text.Mcu_SetPeriClk
                0x000007fc       0x44 ./BSW/MCAL/Stub/Mcu/Mcu.o
                0x000007fc                Mcu_SetPeriClk
 .text.PortHw_Init
                0x00000840       0x60 ./Board/Driver/HW_Port/Port_Hw.o
                0x00000840                PortHw_Init
 .text.PortHw_SetMuxModeSel
                0x000008a0       0x48 ./Board/Driver/HW_Port/Port_Hw.o
                0x000008a0                PortHw_SetMuxModeSel
 .text.PortHw_SetPinDirection
                0x000008e8       0x76 ./Board/Driver/HW_Port/Port_Hw.o
                0x000008e8                PortHw_SetPinDirection
 .text.HardFault_Handler
                0x0000095e        0x6 ./Project_Settings/Startup_Code/exceptions.o
                0x0000095e                HardFault_Handler
 .text.MemManage_Handler
                0x00000964        0x6 ./Project_Settings/Startup_Code/exceptions.o
                0x00000964                MemManage_Handler
 .text.BusFault_Handler
                0x0000096a        0x6 ./Project_Settings/Startup_Code/exceptions.o
                0x0000096a                BusFault_Handler
 .text.UsageFault_Handler
                0x00000970        0x6 ./Project_Settings/Startup_Code/exceptions.o
                0x00000970                UsageFault_Handler
 .text.SVC_Handler
                0x00000976        0x6 ./Project_Settings/Startup_Code/exceptions.o
                0x00000976                SVC_Handler
 .text.DebugMon_Handler
                0x0000097c        0x6 ./Project_Settings/Startup_Code/exceptions.o
                0x0000097c                DebugMon_Handler
 .text.PendSV_Handler
                0x00000982        0x6 ./Project_Settings/Startup_Code/exceptions.o
                0x00000982                PendSV_Handler
 .text.SysTick_Handler
                0x00000988        0x6 ./Project_Settings/Startup_Code/exceptions.o
                0x00000988                SysTick_Handler
 .text.undefined_handler
                0x0000098e        0x6 ./Project_Settings/Startup_Code/exceptions.o
                0x0000098e                undefined_handler
 .text.init_data_bss
                0x00000994      0x134 ./Project_Settings/Startup_Code/startup.o
                0x00000994                init_data_bss
 .text.startup_go_to_user_mode
                0x00000ac8        0xc ./Project_Settings/Startup_Code/system.o
                0x00000ac8                startup_go_to_user_mode
 .text.Delay    0x00000ad4       0x28 ./src/main.o
 .text.Led_Toggle
                0x00000afc       0x18 ./src/main.o
 .text.Test_Port_Init
                0x00000b14       0x3c ./src/main.o
 .text.Test_Port_SetPinDirection
                0x00000b50       0x4c ./src/main.o
 .text.Test_Port_SetPinMode
                0x00000b9c       0x4c ./src/main.o
 .text.Test_Port_RefreshPortDirection
                0x00000be8       0x48 ./src/main.o
 .text.Test_Port_GetVersionInfo
                0x00000c30       0x4c ./src/main.o
 .text.main     0x00000c7c       0x48 ./src/main.o
                0x00000c7c                main
                0x00000cc4                . = ALIGN (0x4)
 *(.mcal_text)
 .mcal_text     0x00000cc4      0x2d8 ./BSW/MCAL/Driver/Port/Port.o
                0x00000cc4                Port_Init
                0x00000d38                Port_SetPinDirection
                0x00000df0                Port_SetPinMode
                0x00000eac                Port_RefreshPortDirection
                0x00000f58                Port_GetVersionInfo
 .mcal_text     0x00000f9c      0x248 ./Board/Driver/HW_Port/Port_Hw.o
                0x000011e4                . = ALIGN (0x4)
                0x000011e4                acfls_code_rom_start = .
                0x000011e4                . = ALIGN (0x4)
 *(.acfls_code_rom)
                0x000011e4                acfls_code_rom_end = .
 *(.init)
                0x000011e4                . = ALIGN (0x4)
 *(.fini)
                0x000011e4                . = ALIGN (0x4)
 *(.rodata)
 *(.rodata*)
 .rodata.PortHw_g_Pin_Mux_InitConfigArr_VS_0
                0x000011e4       0x14 ./BSW/MCAL/Config/Port/Port_Hw_VS_0_PBcfg.o
                0x000011e4                PortHw_g_Pin_Mux_InitConfigArr_VS_0
 .rodata.Port_au16NoUnUsedPadsArrayDefault_VS_0
                0x000011f8       0xa6 ./BSW/MCAL/Config/Port/Port_VS_0_PBcfg.o
 *fill*         0x0000129e        0x2 
 .rodata.Port_UnUsedPin_VS_0
                0x000012a0        0x8 ./BSW/MCAL/Config/Port/Port_VS_0_PBcfg.o
 .rodata.Port_aPinConfigDefault_VS_0
                0x000012a8       0x10 ./BSW/MCAL/Config/Port/Port_VS_0_PBcfg.o
 .rodata.Port_Config_VS_0
                0x000012b8       0x14 ./BSW/MCAL/Config/Port/Port_VS_0_PBcfg.o
                0x000012b8                Port_Config_VS_0
 .rodata.PortHw_g_PortBaseAddr_ptr
                0x000012cc       0x14 ./Board/Driver/HW_Port/Port_Hw.o
                0x000012cc                PortHw_g_PortBaseAddr_ptr
 .rodata.PortHw_g_GpioBaseAddr_ptr
                0x000012e0       0x14 ./Board/Driver/HW_Port/Port_Hw.o
                0x000012e0                PortHw_g_GpioBaseAddr_ptr
                0x000012f4                . = ALIGN (0x4)
 *(.mcal_const_cfg)
                0x000012f4                . = ALIGN (0x4)
 *(.mcal_const)
                0x000012f4                . = ALIGN (0x4)
 *(.mcal_const_no_cacheable)
                0x000012f4                . = ALIGN (0x4)
                0x000012f4                __init_table = .
 *(.init_table)
 .init_table    0x000012f4       0x1c ./Project_Settings/Startup_Code/startup_cm4.o
                0x00001310                . = ALIGN (0x4)
                0x00001310                __zero_table = .
 *(.zero_table)
 .zero_table    0x00001310        0xc ./Project_Settings/Startup_Code/startup_cm4.o
                0x0000131c                . = ALIGN (0x4)
 *(.acmcu_code_rom)
                0x0000131c                . = ALIGN (0x4)
                0x0000131c                _etext = .
                0x0000131c                __DATA_ROM = .

.glue_7         0x0000131c        0x0
 .glue_7        0x0000131c        0x0 linker stubs

.glue_7t        0x0000131c        0x0
 .glue_7t       0x0000131c        0x0 linker stubs

.vfp11_veneer   0x0000131c        0x0
 .vfp11_veneer  0x0000131c        0x0 linker stubs

.v4_bx          0x0000131c        0x0
 .v4_bx         0x0000131c        0x0 linker stubs

.iplt           0x0000131c        0x0
 .iplt          0x0000131c        0x0 ./BSW/MCAL/Config/Port/Port_Hw_VS_0_PBcfg.o

.igot.plt       0x0000131c        0x0
 .igot.plt      0x0000131c        0x0 ./BSW/MCAL/Config/Port/Port_Hw_VS_0_PBcfg.o

.rel.dyn        0x0000131c        0x0
 .rel.iplt      0x0000131c        0x0 ./BSW/MCAL/Config/Port/Port_Hw_VS_0_PBcfg.o
                0x0000131c                . = ALIGN (0x4)
                [!provide]                PROVIDE (__exidx_start = .)

.ARM.exidx
 *(.ARM.exidx* .gnu.linkonce.armexidx.*)
                0x0000131c                . = ALIGN (0x4)
                [!provide]                PROVIDE (__exidx_end = .)

.ARM.extab      0x1fff8100        0x0
 *(.ARM.extab*)
                0x1fff8100                . = ALIGN (0x4)

.sram_interrupts
                0x1fff8100     0x1210
                0x1fff9000                . = ALIGN (0x1000)
 *fill*         0x1fff8100      0xf00 
                0x1fff9000                __interrupts_ram_start = .
                0x1fff9310                . = (. + (__interrupts_rom_end - __interrupts_rom_start))
 *fill*         0x1fff9000      0x310 
                0x1fff9310                . = ALIGN (0x4)
                0x1fff9310                __interrupts_ram_end = .

.sram_data      0x1fff9310        0x0 load address 0x0000131c
                0x1fff9310                . = ALIGN (0x4)
                0x1fff9310                __data_ram_start = .
 *(.ramcode)
                0x1fff9310                . = ALIGN (0x4)
 *(.data)
 *(.data*)
                0x1fff9310                . = ALIGN (0x4)
 *(.mcal_data)
                0x1fff9310                . = ALIGN (0x4)
 *(.mcal_data_no_cacheable)
                0x1fff9310                . = ALIGN (0x4)
                0x1fff9310                __data_ram_end = .
                0x0000131c                __DATA_ROM_END = (__DATA_ROM + (__data_ram_end - __data_ram_start))

.sram_bss       0x1fff9310       0x40
                0x1fff9310                . = ALIGN (0x10)
                0x1fff9310                __sram_bss_start = .
 *(.bss)
 *(.bss*)
 .bss.Port_pConfigPtr
                0x1fff9310        0x4 ./BSW/MCAL/Driver/Port/Port.o
 .bss.Det_InstanceId
                0x1fff9314        0xa ./BSW/MCAL/Stub/Det/Det.o
                0x1fff9314                Det_InstanceId
 *fill*         0x1fff931e        0x2 
 .bss.Det_ApiId
                0x1fff9320        0xa ./BSW/MCAL/Stub/Det/Det.o
                0x1fff9320                Det_ApiId
 *fill*         0x1fff932a        0x2 
 .bss.Det_ErrorId
                0x1fff932c        0xa ./BSW/MCAL/Stub/Det/Det.o
                0x1fff932c                Det_ErrorId
 *fill*         0x1fff9336        0x2 
 .bss.Det_ModuleId
                0x1fff9338       0x14 ./BSW/MCAL/Stub/Det/Det.o
                0x1fff9338                Det_ModuleId
 .bss.RESET_CATCH_CORE
                0x1fff934c        0x4 ./Project_Settings/Startup_Code/system.o
                0x1fff934c                RESET_CATCH_CORE
                0x1fff9350                . = ALIGN (0x10)
 *(.mcal_bss)
                0x1fff9350                . = ALIGN (0x10)
                0x1fff9350                __non_cacheable_bss_start = .
 *(.mcal_bss_no_cacheable)
                0x1fff9350                . = ALIGN (0x4)
                0x1fff9350                __non_cacheable_bss_end = .
                0x1fff9350                __sram_bss_end = .

.acfls_code_ram
                0x1fff9350        0x0
                0x1fff9350                . = (. + (acfls_code_rom_end - acfls_code_rom_start))

.heap           0x1fff9350      0x200
                0x1fff9350                . = ALIGN (0x4)
                0x1fff9350                _end = .
                0x1fff9350                end = .
                0x1fff9350                _heap_start = .
                0x1fff9550                . = (. + HEAP_SIZE)
 *fill*         0x1fff9350      0x200 
                0x1fff9550                _heap_end = .

int_results     0x1fff8000      0x100
                0x1fff8000                . = ALIGN (0x4)
 *(.int_results)
                0x1fff8100                . = (. + 0x100)
 *fill*         0x1fff8000      0x100 
                0x20006000                __Stack_end_c0 = ORIGIN (int_sram_stack_c0)
                0x20007000                __Stack_start_c0 = (ORIGIN (int_sram_stack_c0) + LENGTH (int_sram_stack_c0))
                0x1fff8000                __INT_SRAM_START = ORIGIN (int_sram_results)
                0x20007000                __INT_SRAM_END = ORIGIN (ram_rsvd2)
                0x1fff9310                __RAM_INIT_START = __data_ram_start
                0x1fff9310                __RAM_INIT_END = __data_ram_end
                0x0000131c                __ROM_INIT_START = __DATA_ROM
                0x0000131c                __ROM_INIT_END = __DATA_ROM_END
                0x1fff9310                __BSS_SRAM_START = __sram_bss_start
                0x1fff9350                __BSS_SRAM_END = __sram_bss_end
                0x00000040                __BSS_SRAM_SIZE = (__sram_bss_end - __sram_bss_start)
                0x1fff9000                __RAM_INTERRUPT_START = __interrupts_ram_start
                0x00000000                __ROM_INTERRUPT_START = __interrupts_rom_start
                0x00000310                __ROM_INTERRUPT_END = __interrupts_rom_end
                0x000012f4                __INIT_TABLE = __init_table
                0x00001310                __ZERO_TABLE = __zero_table
                0x00000001                __RAM_INIT = 0x1
                0x000011e4                Fls_ACEraseRomStart = acfls_code_rom_start
                0x000011e4                Fls_ACEraseRomEnd = acfls_code_rom_end
                0x00000000                Fls_ACEraseSize = (acfls_code_rom_end - acfls_code_rom_start)
                0x000011e4                Fls_ACWriteRomStart = acfls_code_rom_start
                0x000011e4                Fls_ACWriteRomEnd = acfls_code_rom_end
                0x00000000                Fls_ACWriteSize = (acfls_code_rom_end - acfls_code_rom_start)
                0x1fff9350                _ERASE_FUNC_ADDRESS_ = ADDR (.acfls_code_ram)
                0x1fff9350                _WRITE_FUNC_ADDRESS_ = ADDR (.acfls_code_ram)
                0x1fff9000                __ENTRY_VTABLE = __RAM_INTERRUPT_START
OUTPUT(MCAL_PORT_S32K144.elf elf32-littlearm)

.debug_info     0x00000000     0x3764
 .debug_info    0x00000000      0x44f ./BSW/MCAL/Config/Port/Port_Hw_VS_0_PBcfg.o
 .debug_info    0x0000044f      0x67f ./BSW/MCAL/Config/Port/Port_VS_0_PBcfg.o
 .debug_info    0x00000ace      0x8c1 ./BSW/MCAL/Driver/Port/Port.o
 .debug_info    0x0000138f      0x41a ./BSW/MCAL/Driver/SchM/SchM_Port.o
 .debug_info    0x000017a9      0x3b3 ./BSW/MCAL/Stub/Det/Det.o
 .debug_info    0x00001b5c      0x2f8 ./BSW/MCAL/Stub/Mcu/Mcu.o
 .debug_info    0x00001e54      0x9dd ./Board/Driver/HW_Port/Port_Hw.o
 .debug_info    0x00002831      0x140 ./Project_Settings/Startup_Code/exceptions.o
 .debug_info    0x00002971      0x24b ./Project_Settings/Startup_Code/startup.o
 .debug_info    0x00002bbc       0x26 ./Project_Settings/Startup_Code/startup_cm4.o
 .debug_info    0x00002be2      0x3b5 ./Project_Settings/Startup_Code/system.o
 .debug_info    0x00002f97      0x7cd ./src/main.o

.debug_abbrev   0x00000000      0xb77
 .debug_abbrev  0x00000000       0xe3 ./BSW/MCAL/Config/Port/Port_Hw_VS_0_PBcfg.o
 .debug_abbrev  0x000000e3      0x11a ./BSW/MCAL/Config/Port/Port_VS_0_PBcfg.o
 .debug_abbrev  0x000001fd      0x1b6 ./BSW/MCAL/Driver/Port/Port.o
 .debug_abbrev  0x000003b3       0x31 ./BSW/MCAL/Driver/SchM/SchM_Port.o
 .debug_abbrev  0x000003e4       0xe4 ./BSW/MCAL/Stub/Det/Det.o
 .debug_abbrev  0x000004c8       0xdb ./BSW/MCAL/Stub/Mcu/Mcu.o
 .debug_abbrev  0x000005a3      0x1f5 ./Board/Driver/HW_Port/Port_Hw.o
 .debug_abbrev  0x00000798       0x47 ./Project_Settings/Startup_Code/exceptions.o
 .debug_abbrev  0x000007df       0xcb ./Project_Settings/Startup_Code/startup.o
 .debug_abbrev  0x000008aa       0x14 ./Project_Settings/Startup_Code/startup_cm4.o
 .debug_abbrev  0x000008be      0x119 ./Project_Settings/Startup_Code/system.o
 .debug_abbrev  0x000009d7      0x1a0 ./src/main.o

.debug_aranges  0x00000000      0x460
 .debug_aranges
                0x00000000       0x18 ./BSW/MCAL/Config/Port/Port_Hw_VS_0_PBcfg.o
 .debug_aranges
                0x00000018       0x18 ./BSW/MCAL/Config/Port/Port_VS_0_PBcfg.o
 .debug_aranges
                0x00000030       0x40 ./BSW/MCAL/Driver/Port/Port.o
 .debug_aranges
                0x00000070      0x1d8 ./BSW/MCAL/Driver/SchM/SchM_Port.o
 .debug_aranges
                0x00000248       0x40 ./BSW/MCAL/Stub/Det/Det.o
 .debug_aranges
                0x00000288       0x40 ./BSW/MCAL/Stub/Mcu/Mcu.o
 .debug_aranges
                0x000002c8       0x60 ./Board/Driver/HW_Port/Port_Hw.o
 .debug_aranges
                0x00000328       0x68 ./Project_Settings/Startup_Code/exceptions.o
 .debug_aranges
                0x00000390       0x20 ./Project_Settings/Startup_Code/startup.o
 .debug_aranges
                0x000003b0       0x20 ./Project_Settings/Startup_Code/startup_cm4.o
 .debug_aranges
                0x000003d0       0x38 ./Project_Settings/Startup_Code/system.o
 .debug_aranges
                0x00000408       0x58 ./src/main.o

.debug_macro    0x00000000     0x26d9
 .debug_macro   0x00000000      0x2e0 ./BSW/MCAL/Config/Port/Port_Hw_VS_0_PBcfg.o
 .debug_macro   0x000002e0      0x3b1 ./BSW/MCAL/Config/Port/Port_VS_0_PBcfg.o
 .debug_macro   0x00000691       0x50 ./BSW/MCAL/Config/Port/Port_VS_0_PBcfg.o
 .debug_macro   0x000006e1       0x50 ./BSW/MCAL/Config/Port/Port_VS_0_PBcfg.o
 .debug_macro   0x00000731      0x3ce ./BSW/MCAL/Driver/Port/Port.o
 .debug_macro   0x00000aff       0x46 ./BSW/MCAL/Driver/Port/Port.o
 .debug_macro   0x00000b45       0x50 ./BSW/MCAL/Driver/Port/Port.o
 .debug_macro   0x00000b95       0x50 ./BSW/MCAL/Driver/Port/Port.o
 .debug_macro   0x00000be5       0x1a ./BSW/MCAL/Driver/SchM/SchM_Port.o
 .debug_macro   0x00000bff       0x2e ./BSW/MCAL/Driver/SchM/SchM_Port.o
 .debug_macro   0x00000c2d      0x101 ./BSW/MCAL/Stub/Det/Det.o
 .debug_macro   0x00000d2e       0x40 ./BSW/MCAL/Stub/Det/Det.o
 .debug_macro   0x00000d6e      0x203 ./BSW/MCAL/Stub/Mcu/Mcu.o
 .debug_macro   0x00000f71      0x3b2 ./Board/Driver/HW_Port/Port_Hw.o
 .debug_macro   0x00001323       0x50 ./Board/Driver/HW_Port/Port_Hw.o
 .debug_macro   0x00001373       0x50 ./Board/Driver/HW_Port/Port_Hw.o
 .debug_macro   0x000013c3      0x144 ./Project_Settings/Startup_Code/exceptions.o
 .debug_macro   0x00001507       0x94 ./Project_Settings/Startup_Code/exceptions.o
 .debug_macro   0x0000159b       0xdd ./Project_Settings/Startup_Code/exceptions.o
 .debug_macro   0x00001678      0x118 ./Project_Settings/Startup_Code/exceptions.o
 .debug_macro   0x00001790       0x52 ./Project_Settings/Startup_Code/exceptions.o
 .debug_macro   0x000017e2      0x130 ./Project_Settings/Startup_Code/exceptions.o
 .debug_macro   0x00001912       0x6a ./Project_Settings/Startup_Code/exceptions.o
 .debug_macro   0x0000197c       0x58 ./Project_Settings/Startup_Code/exceptions.o
 .debug_macro   0x000019d4       0x81 ./Project_Settings/Startup_Code/exceptions.o
 .debug_macro   0x00001a55       0xc8 ./Project_Settings/Startup_Code/startup.o
 .debug_macro   0x00001b1d      0x2e6 ./Project_Settings/Startup_Code/system.o
 .debug_macro   0x00001e03      0x539 ./Project_Settings/Startup_Code/system.o
 .debug_macro   0x0000233c      0x35d ./src/main.o
 .debug_macro   0x00002699       0x40 ./src/main.o

.debug_line     0x00000000     0x58aa
 .debug_line    0x00000000      0x86e ./BSW/MCAL/Config/Port/Port_Hw_VS_0_PBcfg.o
 .debug_line    0x0000086e      0x91a ./BSW/MCAL/Config/Port/Port_VS_0_PBcfg.o
 .debug_line    0x00001188      0xa91 ./BSW/MCAL/Driver/Port/Port.o
 .debug_line    0x00001c19      0x4b7 ./BSW/MCAL/Driver/SchM/SchM_Port.o
 .debug_line    0x000020d0      0x435 ./BSW/MCAL/Stub/Det/Det.o
 .debug_line    0x00002505      0x7c1 ./BSW/MCAL/Stub/Mcu/Mcu.o
 .debug_line    0x00002cc6      0xc63 ./Board/Driver/HW_Port/Port_Hw.o
 .debug_line    0x00003929      0x617 ./Project_Settings/Startup_Code/exceptions.o
 .debug_line    0x00003f40      0x488 ./Project_Settings/Startup_Code/startup.o
 .debug_line    0x000043c8       0xb6 ./Project_Settings/Startup_Code/startup_cm4.o
 .debug_line    0x0000447e      0x91e ./Project_Settings/Startup_Code/system.o
 .debug_line    0x00004d9c      0xb0e ./src/main.o

.debug_str      0x00000000    0x72e5f
 .debug_str     0x00000000    0x6ab53 ./BSW/MCAL/Config/Port/Port_Hw_VS_0_PBcfg.o
                              0x6ad97 (size before relaxing)
 .debug_str     0x0006ab53     0x52b1 ./BSW/MCAL/Config/Port/Port_VS_0_PBcfg.o
                              0x6fff4 (size before relaxing)
 .debug_str     0x0006fe04      0x479 ./BSW/MCAL/Driver/Port/Port.o
                              0x702b6 (size before relaxing)
 .debug_str     0x0007027d      0x966 ./BSW/MCAL/Driver/SchM/SchM_Port.o
                               0x3775 (size before relaxing)
 .debug_str     0x00070be3      0x14d ./BSW/MCAL/Stub/Det/Det.o
                               0x6235 (size before relaxing)
 .debug_str     0x00070d30      0x13f ./BSW/MCAL/Stub/Mcu/Mcu.o
                              0x6851b (size before relaxing)
 .debug_str     0x00070e6f      0x398 ./Board/Driver/HW_Port/Port_Hw.o
                              0x70232 (size before relaxing)
 .debug_str     0x00071207     0x174e ./Project_Settings/Startup_Code/exceptions.o
                               0x81a9 (size before relaxing)
 .debug_str     0x00072955       0xe3 ./Project_Settings/Startup_Code/startup.o
                               0x5f98 (size before relaxing)
 .debug_str     0x00072a38       0x3b ./Project_Settings/Startup_Code/startup_cm4.o
                                 0x8c (size before relaxing)
 .debug_str     0x00072a73      0x2d9 ./Project_Settings/Startup_Code/system.o
                              0x6b970 (size before relaxing)
 .debug_str     0x00072d4c      0x113 ./src/main.o
                              0x6fef1 (size before relaxing)

.comment        0x00000000       0x80
 .comment       0x00000000       0x80 ./BSW/MCAL/Config/Port/Port_Hw_VS_0_PBcfg.o
                                 0x81 (size before relaxing)
 .comment       0x00000080       0x81 ./BSW/MCAL/Config/Port/Port_VS_0_PBcfg.o
 .comment       0x00000080       0x81 ./BSW/MCAL/Driver/Port/Port.o
 .comment       0x00000080       0x81 ./BSW/MCAL/Driver/SchM/SchM_Port.o
 .comment       0x00000080       0x81 ./BSW/MCAL/Stub/Det/Det.o
 .comment       0x00000080       0x81 ./BSW/MCAL/Stub/Mcu/Mcu.o
 .comment       0x00000080       0x81 ./Board/Driver/HW_Port/Port_Hw.o
 .comment       0x00000080       0x81 ./Project_Settings/Startup_Code/exceptions.o
 .comment       0x00000080       0x81 ./Project_Settings/Startup_Code/startup.o
 .comment       0x00000080       0x81 ./Project_Settings/Startup_Code/system.o
 .comment       0x00000080       0x81 ./src/main.o

.ARM.attributes
                0x00000000       0x31
 .ARM.attributes
                0x00000000       0x33 ./BSW/MCAL/Config/Port/Port_Hw_VS_0_PBcfg.o
 .ARM.attributes
                0x00000033       0x33 ./BSW/MCAL/Config/Port/Port_VS_0_PBcfg.o
 .ARM.attributes
                0x00000066       0x2e ./BSW/MCAL/Driver/Port/Port.o
 .ARM.attributes
                0x00000094       0x2e ./BSW/MCAL/Driver/SchM/SchM_Port.o
 .ARM.attributes
                0x000000c2       0x2e ./BSW/MCAL/Stub/Det/Det.o
 .ARM.attributes
                0x000000f0       0x2e ./BSW/MCAL/Stub/Mcu/Mcu.o
 .ARM.attributes
                0x0000011e       0x2e ./Board/Driver/HW_Port/Port_Hw.o
 .ARM.attributes
                0x0000014c       0x1c ./Project_Settings/Startup_Code/Vector_Table.o
 .ARM.attributes
                0x00000168       0x2e ./Project_Settings/Startup_Code/exceptions.o
 .ARM.attributes
                0x00000196       0x2e ./Project_Settings/Startup_Code/startup.o
 .ARM.attributes
                0x000001c4       0x1b ./Project_Settings/Startup_Code/startup_cm4.o
 .ARM.attributes
                0x000001df       0x2e ./Project_Settings/Startup_Code/system.o
 .ARM.attributes
                0x0000020d       0x2e ./src/main.o

.debug_ranges   0x00000000      0x380
 .debug_ranges  0x00000000       0x30 ./BSW/MCAL/Driver/Port/Port.o
 .debug_ranges  0x00000030      0x1c8 ./BSW/MCAL/Driver/SchM/SchM_Port.o
 .debug_ranges  0x000001f8       0x30 ./BSW/MCAL/Stub/Det/Det.o
 .debug_ranges  0x00000228       0x30 ./BSW/MCAL/Stub/Mcu/Mcu.o
 .debug_ranges  0x00000258       0x50 ./Board/Driver/HW_Port/Port_Hw.o
 .debug_ranges  0x000002a8       0x58 ./Project_Settings/Startup_Code/exceptions.o
 .debug_ranges  0x00000300       0x10 ./Project_Settings/Startup_Code/startup.o
 .debug_ranges  0x00000310       0x28 ./Project_Settings/Startup_Code/system.o
 .debug_ranges  0x00000338       0x48 ./src/main.o

.debug_frame    0x00000000      0xd98
 .debug_frame   0x00000000       0xc8 ./BSW/MCAL/Driver/Port/Port.o
 .debug_frame   0x000000c8      0x710 ./BSW/MCAL/Driver/SchM/SchM_Port.o
 .debug_frame   0x000007d8       0xc8 ./BSW/MCAL/Stub/Det/Det.o
 .debug_frame   0x000008a0       0xac ./BSW/MCAL/Stub/Mcu/Mcu.o
 .debug_frame   0x0000094c      0x164 ./Board/Driver/HW_Port/Port_Hw.o
 .debug_frame   0x00000ab0      0x100 ./Project_Settings/Startup_Code/exceptions.o
 .debug_frame   0x00000bb0       0x38 ./Project_Settings/Startup_Code/startup.o
 .debug_frame   0x00000be8       0x88 ./Project_Settings/Startup_Code/system.o
 .debug_frame   0x00000c70      0x128 ./src/main.o
